// Vitest Snapshot v1, https://vitest.dev/guide/snapshot.html

exports[`PopulationCompositionChart Component > matches the snapshot 1`] = `
<DocumentFragment>
  <div
    class="recharts-responsive-container"
    style="width: 100%; height: 100%; min-width: 0;"
  />
</DocumentFragment>
`;
